#
# There is insufficient memory for the Java Runtime Environment to continue.
# Native memory allocation (malloc) failed to allocate 872176 bytes. Error detail: Chunk::new
# Possible reasons:
#   The system is out of physical RAM or swap space
#   This process is running with CompressedOops enabled, and the Java Heap may be blocking the growth of the native heap
# Possible solutions:
#   Reduce memory load on the system
#   Increase physical memory or swap space
#   Check if swap backing store is full
#   Decrease Java heap size (-Xmx/-Xms)
#   Decrease number of Java threads
#   Decrease Java thread stack sizes (-Xss)
#   Set larger code cache with -XX:ReservedCodeCacheSize=
#   JVM is running with Unscaled Compressed Oops mode in which the Java heap is
#     placed in the first 4GB address space. The Java Heap base address is the
#     maximum limit for the native heap growth. Please use -XX:HeapBaseMinAddress
#     to set the Java Heap base and to place the Java Heap above 4GB virtual address.
# This output file may be truncated or incomplete.
#
#  Out of Memory Error (arena.cpp:168), pid=28404, tid=28604
#
# JRE version: OpenJDK Runtime Environment JBR-21.0.6+8-631.39-jcef (21.0.6+8) (build 21.0.6+8-b631.39)
# Java VM: OpenJDK 64-Bit Server VM JBR-21.0.6+8-631.39-jcef (21.0.6+8-b631.39, mixed mode, sharing, tiered, compressed oops, compressed class ptrs, g1 gc, windows-amd64)
# No core dump will be written. Minidumps are not enabled by default on client versions of Windows
#

---------------  S U M M A R Y ------------

Command Line: git4idea.http.GitAskPassApp Username for 'https://git.nwt.fhstp.ac.at': 

Host: AMD Ryzen 5 3450U with Radeon Vega Mobile Gfx  , 8 cores, 5G,  Windows 10 , 64 bit Build 19041 (10.0.19041.5794)
Time: Tue Jun 10 16:41:38 2025 W. Europe Daylight Time elapsed time: 7.223480 seconds (0d 0h 0m 7s)

---------------  T H R E A D  ---------------

Current thread (0x00000220254b8210):  JavaThread "C2 CompilerThread0" daemon [_thread_in_native, id=28604, stack(0x0000003b5b900000,0x0000003b5ba00000) (1024K)]


Current CompileTask:
C2:7223 1125       4       sun.security.ec.ECOperations::setDouble (463 bytes)

Stack: [0x0000003b5b900000,0x0000003b5ba00000]
Native frames: (J=compiled Java code, j=interpreted, Vv=VM code, C=native code)
V  [jvm.dll+0x6e5d39]
V  [jvm.dll+0x8c4133]
V  [jvm.dll+0x8c668e]
V  [jvm.dll+0x8c6d73]
V  [jvm.dll+0x288f76]
V  [jvm.dll+0xc66dd]
V  [jvm.dll+0xc6c13]
V  [jvm.dll+0x2feb80]
V  [jvm.dll+0x60c8b9]
V  [jvm.dll+0x2598d2]
V  [jvm.dll+0x259c8f]
V  [jvm.dll+0x252435]
V  [jvm.dll+0x24fc8e]
V  [jvm.dll+0x1cd6c4]
V  [jvm.dll+0x25f60c]
V  [jvm.dll+0x25db56]
V  [jvm.dll+0x3ff756]
V  [jvm.dll+0x86bd48]
V  [jvm.dll+0x6e453d]
C  [ucrtbase.dll+0x21bb2]
C  [KERNEL32.DLL+0x17374]
C  [ntdll.dll+0x4cc91]


---------------  P R O C E S S  ---------------

Threads class SMR info:
_java_thread_list=0x000002206b09ef30, length=14, elements={
0x000002200da1d4d0, 0x00000220254af290, 0x00000220254b0350, 0x00000220254b2420,
0x00000220254b5ff0, 0x00000220254b6a40, 0x00000220254b7490, 0x00000220254b8210,
0x00000220254bacc0, 0x0000022025726d40, 0x0000022025727d70, 0x000002206b00b550,
0x000002206b09c5f0, 0x000002206b14f5f0
}

Java Threads: ( => current thread )
  0x000002200da1d4d0 JavaThread "main"                              [_thread_blocked, id=28484, stack(0x0000003b5ab00000,0x0000003b5ac00000) (1024K)]
  0x00000220254af290 JavaThread "Reference Handler"          daemon [_thread_blocked, id=28580, stack(0x0000003b5b300000,0x0000003b5b400000) (1024K)]
  0x00000220254b0350 JavaThread "Finalizer"                  daemon [_thread_blocked, id=28584, stack(0x0000003b5b400000,0x0000003b5b500000) (1024K)]
  0x00000220254b2420 JavaThread "Signal Dispatcher"          daemon [_thread_blocked, id=28588, stack(0x0000003b5b500000,0x0000003b5b600000) (1024K)]
  0x00000220254b5ff0 JavaThread "Attach Listener"            daemon [_thread_blocked, id=28592, stack(0x0000003b5b600000,0x0000003b5b700000) (1024K)]
  0x00000220254b6a40 JavaThread "Service Thread"             daemon [_thread_blocked, id=28596, stack(0x0000003b5b700000,0x0000003b5b800000) (1024K)]
  0x00000220254b7490 JavaThread "Monitor Deflation Thread"   daemon [_thread_blocked, id=28600, stack(0x0000003b5b800000,0x0000003b5b900000) (1024K)]
=>0x00000220254b8210 JavaThread "C2 CompilerThread0"         daemon [_thread_in_native, id=28604, stack(0x0000003b5b900000,0x0000003b5ba00000) (1024K)]
  0x00000220254bacc0 JavaThread "C1 CompilerThread0"         daemon [_thread_blocked, id=28608, stack(0x0000003b5ba00000,0x0000003b5bb00000) (1024K)]
  0x0000022025726d40 JavaThread "Notification Thread"        daemon [_thread_blocked, id=27700, stack(0x0000003b5bb00000,0x0000003b5bc00000) (1024K)]
  0x0000022025727d70 JavaThread "Common-Cleaner"             daemon [_thread_blocked, id=25412, stack(0x0000003b5bc00000,0x0000003b5bd00000) (1024K)]
  0x000002206b00b550 JavaThread "HttpClient-1-SelectorManager" daemon [_thread_in_native, id=5752, stack(0x0000003b5bd00000,0x0000003b5be00000) (1024K)]
  0x000002206b09c5f0 JavaThread "HttpClient-1-Worker-0"      daemon [_thread_blocked, id=7412, stack(0x0000003b5bf00000,0x0000003b5c000000) (1024K)]
  0x000002206b14f5f0 JavaThread "HttpClient-1-Worker-1"      daemon [_thread_blocked, id=24796, stack(0x0000003b5c000000,0x0000003b5c100000) (1024K)]
Total: 14

Other Threads:
  0x0000022025497220 VMThread "VM Thread"                           [id=28560, stack(0x0000003b5b200000,0x0000003b5b300000) (1024K)]
  0x00000220254829f0 WatcherThread "VM Periodic Task Thread"        [id=28556, stack(0x0000003b5b100000,0x0000003b5b200000) (1024K)]
  0x000002200da65200 WorkerThread "GC Thread#0"                     [id=28520, stack(0x0000003b5ac00000,0x0000003b5ad00000) (1024K)]
  0x000002200da72020 ConcurrentGCThread "G1 Main Marker"            [id=28524, stack(0x0000003b5ad00000,0x0000003b5ae00000) (1024K)]
  0x000002200da73f30 WorkerThread "G1 Conc#0"                       [id=28528, stack(0x0000003b5ae00000,0x0000003b5af00000) (1024K)]
  0x000002200dae5650 ConcurrentGCThread "G1 Refine#0"               [id=28532, stack(0x0000003b5af00000,0x0000003b5b000000) (1024K)]
  0x00000220253604a0 ConcurrentGCThread "G1 Service"                [id=28536, stack(0x0000003b5b000000,0x0000003b5b100000) (1024K)]
Total: 7

Threads with active compile tasks:
C2 CompilerThread0  7272 1125       4       sun.security.ec.ECOperations::setDouble (463 bytes)
Total: 1

VM state: not at safepoint (normal execution)

VM Mutex/Monitor currently owned by a thread: None

Heap address: 0x00000000a0e00000, size: 1522 MB, Compressed Oops mode: 32-bit

CDS archive(s) mapped at: [0x0000022026000000-0x0000022026d00000-0x0000022026d00000), size 13631488, SharedBaseAddress: 0x0000022026000000, ArchiveRelocationMode: 1.
Compressed class space mapped at: 0x0000022027000000-0x0000022067000000, reserved size: 1073741824
Narrow klass base: 0x0000022026000000, Narrow klass shift: 0, Narrow klass range: 0x100000000

GC Precious Log:
 CardTable entry size: 512
 Card Set container configuration: InlinePtr #cards 5 size 8 Array Of Cards #cards 12 size 40 Howl #buckets 4 coarsen threshold 1843 Howl Bitmap #cards 512 size 80 coarsen threshold 460 Card regions per heap region 1 cards per card region 2048
 CPUs: 8 total, 8 available
 Memory: 6086M
 Large Page Support: Disabled
 NUMA Support: Disabled
 Compressed Oops: Enabled (32-bit)
 Heap Region Size: 1M
 Heap Min Capacity: 8M
 Heap Initial Capacity: 96M
 Heap Max Capacity: 1522M
 Pre-touch: Disabled
 Parallel Workers: 8
 Concurrent Workers: 2
 Concurrent Refinement Workers: 8
 Periodic GC: Disabled

Heap:
 garbage-first heap   total 98304K, used 14336K [0x00000000a0e00000, 0x0000000100000000)
  region size 1024K, 16 young (16384K), 0 survivors (0K)
 Metaspace       used 9199K, committed 9408K, reserved 1114112K
  class space    used 1057K, committed 1152K, reserved 1048576K

Heap Regions: E=young(eden), S=young(survivor), O=old, HS=humongous(starts), HC=humongous(continues), CS=collection set, F=free, TAMS=top-at-mark-start, PB=parsable bottom
|   0|0x00000000a0e00000, 0x00000000a0e00000, 0x00000000a0f00000|  0%| F|  |TAMS 0x00000000a0e00000| PB 0x00000000a0e00000| Untracked 
|   1|0x00000000a0f00000, 0x00000000a0f00000, 0x00000000a1000000|  0%| F|  |TAMS 0x00000000a0f00000| PB 0x00000000a0f00000| Untracked 
|   2|0x00000000a1000000, 0x00000000a1000000, 0x00000000a1100000|  0%| F|  |TAMS 0x00000000a1000000| PB 0x00000000a1000000| Untracked 
|   3|0x00000000a1100000, 0x00000000a1100000, 0x00000000a1200000|  0%| F|  |TAMS 0x00000000a1100000| PB 0x00000000a1100000| Untracked 
|   4|0x00000000a1200000, 0x00000000a1200000, 0x00000000a1300000|  0%| F|  |TAMS 0x00000000a1200000| PB 0x00000000a1200000| Untracked 
|   5|0x00000000a1300000, 0x00000000a1300000, 0x00000000a1400000|  0%| F|  |TAMS 0x00000000a1300000| PB 0x00000000a1300000| Untracked 
|   6|0x00000000a1400000, 0x00000000a1400000, 0x00000000a1500000|  0%| F|  |TAMS 0x00000000a1400000| PB 0x00000000a1400000| Untracked 
|   7|0x00000000a1500000, 0x00000000a1500000, 0x00000000a1600000|  0%| F|  |TAMS 0x00000000a1500000| PB 0x00000000a1500000| Untracked 
|   8|0x00000000a1600000, 0x00000000a1600000, 0x00000000a1700000|  0%| F|  |TAMS 0x00000000a1600000| PB 0x00000000a1600000| Untracked 
|   9|0x00000000a1700000, 0x00000000a1700000, 0x00000000a1800000|  0%| F|  |TAMS 0x00000000a1700000| PB 0x00000000a1700000| Untracked 
|  10|0x00000000a1800000, 0x00000000a1800000, 0x00000000a1900000|  0%| F|  |TAMS 0x00000000a1800000| PB 0x00000000a1800000| Untracked 
|  11|0x00000000a1900000, 0x00000000a1900000, 0x00000000a1a00000|  0%| F|  |TAMS 0x00000000a1900000| PB 0x00000000a1900000| Untracked 
|  12|0x00000000a1a00000, 0x00000000a1a00000, 0x00000000a1b00000|  0%| F|  |TAMS 0x00000000a1a00000| PB 0x00000000a1a00000| Untracked 
|  13|0x00000000a1b00000, 0x00000000a1b00000, 0x00000000a1c00000|  0%| F|  |TAMS 0x00000000a1b00000| PB 0x00000000a1b00000| Untracked 
|  14|0x00000000a1c00000, 0x00000000a1c00000, 0x00000000a1d00000|  0%| F|  |TAMS 0x00000000a1c00000| PB 0x00000000a1c00000| Untracked 
|  15|0x00000000a1d00000, 0x00000000a1d00000, 0x00000000a1e00000|  0%| F|  |TAMS 0x00000000a1d00000| PB 0x00000000a1d00000| Untracked 
|  16|0x00000000a1e00000, 0x00000000a1e00000, 0x00000000a1f00000|  0%| F|  |TAMS 0x00000000a1e00000| PB 0x00000000a1e00000| Untracked 
|  17|0x00000000a1f00000, 0x00000000a1f00000, 0x00000000a2000000|  0%| F|  |TAMS 0x00000000a1f00000| PB 0x00000000a1f00000| Untracked 
|  18|0x00000000a2000000, 0x00000000a2000000, 0x00000000a2100000|  0%| F|  |TAMS 0x00000000a2000000| PB 0x00000000a2000000| Untracked 
|  19|0x00000000a2100000, 0x00000000a2100000, 0x00000000a2200000|  0%| F|  |TAMS 0x00000000a2100000| PB 0x00000000a2100000| Untracked 
|  20|0x00000000a2200000, 0x00000000a2200000, 0x00000000a2300000|  0%| F|  |TAMS 0x00000000a2200000| PB 0x00000000a2200000| Untracked 
|  21|0x00000000a2300000, 0x00000000a2300000, 0x00000000a2400000|  0%| F|  |TAMS 0x00000000a2300000| PB 0x00000000a2300000| Untracked 
|  22|0x00000000a2400000, 0x00000000a2400000, 0x00000000a2500000|  0%| F|  |TAMS 0x00000000a2400000| PB 0x00000000a2400000| Untracked 
|  23|0x00000000a2500000, 0x00000000a2500000, 0x00000000a2600000|  0%| F|  |TAMS 0x00000000a2500000| PB 0x00000000a2500000| Untracked 
|  24|0x00000000a2600000, 0x00000000a2600000, 0x00000000a2700000|  0%| F|  |TAMS 0x00000000a2600000| PB 0x00000000a2600000| Untracked 
|  25|0x00000000a2700000, 0x00000000a2700000, 0x00000000a2800000|  0%| F|  |TAMS 0x00000000a2700000| PB 0x00000000a2700000| Untracked 
|  26|0x00000000a2800000, 0x00000000a2800000, 0x00000000a2900000|  0%| F|  |TAMS 0x00000000a2800000| PB 0x00000000a2800000| Untracked 
|  27|0x00000000a2900000, 0x00000000a2900000, 0x00000000a2a00000|  0%| F|  |TAMS 0x00000000a2900000| PB 0x00000000a2900000| Untracked 
|  28|0x00000000a2a00000, 0x00000000a2a00000, 0x00000000a2b00000|  0%| F|  |TAMS 0x00000000a2a00000| PB 0x00000000a2a00000| Untracked 
|  29|0x00000000a2b00000, 0x00000000a2b00000, 0x00000000a2c00000|  0%| F|  |TAMS 0x00000000a2b00000| PB 0x00000000a2b00000| Untracked 
|  30|0x00000000a2c00000, 0x00000000a2c00000, 0x00000000a2d00000|  0%| F|  |TAMS 0x00000000a2c00000| PB 0x00000000a2c00000| Untracked 
|  31|0x00000000a2d00000, 0x00000000a2d00000, 0x00000000a2e00000|  0%| F|  |TAMS 0x00000000a2d00000| PB 0x00000000a2d00000| Untracked 
|  32|0x00000000a2e00000, 0x00000000a2e00000, 0x00000000a2f00000|  0%| F|  |TAMS 0x00000000a2e00000| PB 0x00000000a2e00000| Untracked 
|  33|0x00000000a2f00000, 0x00000000a2f00000, 0x00000000a3000000|  0%| F|  |TAMS 0x00000000a2f00000| PB 0x00000000a2f00000| Untracked 
|  34|0x00000000a3000000, 0x00000000a3000000, 0x00000000a3100000|  0%| F|  |TAMS 0x00000000a3000000| PB 0x00000000a3000000| Untracked 
|  35|0x00000000a3100000, 0x00000000a3100000, 0x00000000a3200000|  0%| F|  |TAMS 0x00000000a3100000| PB 0x00000000a3100000| Untracked 
|  36|0x00000000a3200000, 0x00000000a3200000, 0x00000000a3300000|  0%| F|  |TAMS 0x00000000a3200000| PB 0x00000000a3200000| Untracked 
|  37|0x00000000a3300000, 0x00000000a3300000, 0x00000000a3400000|  0%| F|  |TAMS 0x00000000a3300000| PB 0x00000000a3300000| Untracked 
|  38|0x00000000a3400000, 0x00000000a3400000, 0x00000000a3500000|  0%| F|  |TAMS 0x00000000a3400000| PB 0x00000000a3400000| Untracked 
|  39|0x00000000a3500000, 0x00000000a3500000, 0x00000000a3600000|  0%| F|  |TAMS 0x00000000a3500000| PB 0x00000000a3500000| Untracked 
|  40|0x00000000a3600000, 0x00000000a3600000, 0x00000000a3700000|  0%| F|  |TAMS 0x00000000a3600000| PB 0x00000000a3600000| Untracked 
|  41|0x00000000a3700000, 0x00000000a3700000, 0x00000000a3800000|  0%| F|  |TAMS 0x00000000a3700000| PB 0x00000000a3700000| Untracked 
|  42|0x00000000a3800000, 0x00000000a3800000, 0x00000000a3900000|  0%| F|  |TAMS 0x00000000a3800000| PB 0x00000000a3800000| Untracked 
|  43|0x00000000a3900000, 0x00000000a3900000, 0x00000000a3a00000|  0%| F|  |TAMS 0x00000000a3900000| PB 0x00000000a3900000| Untracked 
|  44|0x00000000a3a00000, 0x00000000a3a00000, 0x00000000a3b00000|  0%| F|  |TAMS 0x00000000a3a00000| PB 0x00000000a3a00000| Untracked 
|  45|0x00000000a3b00000, 0x00000000a3b00000, 0x00000000a3c00000|  0%| F|  |TAMS 0x00000000a3b00000| PB 0x00000000a3b00000| Untracked 
|  46|0x00000000a3c00000, 0x00000000a3c00000, 0x00000000a3d00000|  0%| F|  |TAMS 0x00000000a3c00000| PB 0x00000000a3c00000| Untracked 
|  47|0x00000000a3d00000, 0x00000000a3d00000, 0x00000000a3e00000|  0%| F|  |TAMS 0x00000000a3d00000| PB 0x00000000a3d00000| Untracked 
|  48|0x00000000a3e00000, 0x00000000a3e00000, 0x00000000a3f00000|  0%| F|  |TAMS 0x00000000a3e00000| PB 0x00000000a3e00000| Untracked 
|  49|0x00000000a3f00000, 0x00000000a3f00000, 0x00000000a4000000|  0%| F|  |TAMS 0x00000000a3f00000| PB 0x00000000a3f00000| Untracked 
|  50|0x00000000a4000000, 0x00000000a4000000, 0x00000000a4100000|  0%| F|  |TAMS 0x00000000a4000000| PB 0x00000000a4000000| Untracked 
|  51|0x00000000a4100000, 0x00000000a4100000, 0x00000000a4200000|  0%| F|  |TAMS 0x00000000a4100000| PB 0x00000000a4100000| Untracked 
|  52|0x00000000a4200000, 0x00000000a4200000, 0x00000000a4300000|  0%| F|  |TAMS 0x00000000a4200000| PB 0x00000000a4200000| Untracked 
|  53|0x00000000a4300000, 0x00000000a4300000, 0x00000000a4400000|  0%| F|  |TAMS 0x00000000a4300000| PB 0x00000000a4300000| Untracked 
|  54|0x00000000a4400000, 0x00000000a4400000, 0x00000000a4500000|  0%| F|  |TAMS 0x00000000a4400000| PB 0x00000000a4400000| Untracked 
|  55|0x00000000a4500000, 0x00000000a4500000, 0x00000000a4600000|  0%| F|  |TAMS 0x00000000a4500000| PB 0x00000000a4500000| Untracked 
|  56|0x00000000a4600000, 0x00000000a4600000, 0x00000000a4700000|  0%| F|  |TAMS 0x00000000a4600000| PB 0x00000000a4600000| Untracked 
|  57|0x00000000a4700000, 0x00000000a4700000, 0x00000000a4800000|  0%| F|  |TAMS 0x00000000a4700000| PB 0x00000000a4700000| Untracked 
|  58|0x00000000a4800000, 0x00000000a4800000, 0x00000000a4900000|  0%| F|  |TAMS 0x00000000a4800000| PB 0x00000000a4800000| Untracked 
|  59|0x00000000a4900000, 0x00000000a4900000, 0x00000000a4a00000|  0%| F|  |TAMS 0x00000000a4900000| PB 0x00000000a4900000| Untracked 
|  60|0x00000000a4a00000, 0x00000000a4a00000, 0x00000000a4b00000|  0%| F|  |TAMS 0x00000000a4a00000| PB 0x00000000a4a00000| Untracked 
|  61|0x00000000a4b00000, 0x00000000a4b00000, 0x00000000a4c00000|  0%| F|  |TAMS 0x00000000a4b00000| PB 0x00000000a4b00000| Untracked 
|  62|0x00000000a4c00000, 0x00000000a4c00000, 0x00000000a4d00000|  0%| F|  |TAMS 0x00000000a4c00000| PB 0x00000000a4c00000| Untracked 
|  63|0x00000000a4d00000, 0x00000000a4d00000, 0x00000000a4e00000|  0%| F|  |TAMS 0x00000000a4d00000| PB 0x00000000a4d00000| Untracked 
|  64|0x00000000a4e00000, 0x00000000a4e00000, 0x00000000a4f00000|  0%| F|  |TAMS 0x00000000a4e00000| PB 0x00000000a4e00000| Untracked 
|  65|0x00000000a4f00000, 0x00000000a4f00000, 0x00000000a5000000|  0%| F|  |TAMS 0x00000000a4f00000| PB 0x00000000a4f00000| Untracked 
|  66|0x00000000a5000000, 0x00000000a5000000, 0x00000000a5100000|  0%| F|  |TAMS 0x00000000a5000000| PB 0x00000000a5000000| Untracked 
|  67|0x00000000a5100000, 0x00000000a5100000, 0x00000000a5200000|  0%| F|  |TAMS 0x00000000a5100000| PB 0x00000000a5100000| Untracked 
|  68|0x00000000a5200000, 0x00000000a5200000, 0x00000000a5300000|  0%| F|  |TAMS 0x00000000a5200000| PB 0x00000000a5200000| Untracked 
|  69|0x00000000a5300000, 0x00000000a5300000, 0x00000000a5400000|  0%| F|  |TAMS 0x00000000a5300000| PB 0x00000000a5300000| Untracked 
|  70|0x00000000a5400000, 0x00000000a5400000, 0x00000000a5500000|  0%| F|  |TAMS 0x00000000a5400000| PB 0x00000000a5400000| Untracked 
|  71|0x00000000a5500000, 0x00000000a5500000, 0x00000000a5600000|  0%| F|  |TAMS 0x00000000a5500000| PB 0x00000000a5500000| Untracked 
|  72|0x00000000a5600000, 0x00000000a5600000, 0x00000000a5700000|  0%| F|  |TAMS 0x00000000a5600000| PB 0x00000000a5600000| Untracked 
|  73|0x00000000a5700000, 0x00000000a5700000, 0x00000000a5800000|  0%| F|  |TAMS 0x00000000a5700000| PB 0x00000000a5700000| Untracked 
|  74|0x00000000a5800000, 0x00000000a5800000, 0x00000000a5900000|  0%| F|  |TAMS 0x00000000a5800000| PB 0x00000000a5800000| Untracked 
|  75|0x00000000a5900000, 0x00000000a5900000, 0x00000000a5a00000|  0%| F|  |TAMS 0x00000000a5900000| PB 0x00000000a5900000| Untracked 
|  76|0x00000000a5a00000, 0x00000000a5a00000, 0x00000000a5b00000|  0%| F|  |TAMS 0x00000000a5a00000| PB 0x00000000a5a00000| Untracked 
|  77|0x00000000a5b00000, 0x00000000a5b00000, 0x00000000a5c00000|  0%| F|  |TAMS 0x00000000a5b00000| PB 0x00000000a5b00000| Untracked 
|  78|0x00000000a5c00000, 0x00000000a5c00000, 0x00000000a5d00000|  0%| F|  |TAMS 0x00000000a5c00000| PB 0x00000000a5c00000| Untracked 
|  79|0x00000000a5d00000, 0x00000000a5d00000, 0x00000000a5e00000|  0%| F|  |TAMS 0x00000000a5d00000| PB 0x00000000a5d00000| Untracked 
|  80|0x00000000a5e00000, 0x00000000a5eec0f0, 0x00000000a5f00000| 92%| E|  |TAMS 0x00000000a5e00000| PB 0x00000000a5e00000| Complete 
|  81|0x00000000a5f00000, 0x00000000a6000000, 0x00000000a6000000|100%| E|CS|TAMS 0x00000000a5f00000| PB 0x00000000a5f00000| Complete 
|  82|0x00000000a6000000, 0x00000000a6100000, 0x00000000a6100000|100%| E|CS|TAMS 0x00000000a6000000| PB 0x00000000a6000000| Complete 
|  83|0x00000000a6100000, 0x00000000a6200000, 0x00000000a6200000|100%| E|CS|TAMS 0x00000000a6100000| PB 0x00000000a6100000| Complete 
|  84|0x00000000a6200000, 0x00000000a6300000, 0x00000000a6300000|100%| E|CS|TAMS 0x00000000a6200000| PB 0x00000000a6200000| Complete 
|  85|0x00000000a6300000, 0x00000000a6400000, 0x00000000a6400000|100%| E|CS|TAMS 0x00000000a6300000| PB 0x00000000a6300000| Complete 
|  86|0x00000000a6400000, 0x00000000a6500000, 0x00000000a6500000|100%| E|CS|TAMS 0x00000000a6400000| PB 0x00000000a6400000| Complete 
|  87|0x00000000a6500000, 0x00000000a6600000, 0x00000000a6600000|100%| E|  |TAMS 0x00000000a6500000| PB 0x00000000a6500000| Complete 
|  88|0x00000000a6600000, 0x00000000a6700000, 0x00000000a6700000|100%| E|CS|TAMS 0x00000000a6600000| PB 0x00000000a6600000| Complete 
|  89|0x00000000a6700000, 0x00000000a6800000, 0x00000000a6800000|100%| E|CS|TAMS 0x00000000a6700000| PB 0x00000000a6700000| Complete 
|  90|0x00000000a6800000, 0x00000000a6900000, 0x00000000a6900000|100%| E|CS|TAMS 0x00000000a6800000| PB 0x00000000a6800000| Complete 
|  91|0x00000000a6900000, 0x00000000a6a00000, 0x00000000a6a00000|100%| E|CS|TAMS 0x00000000a6900000| PB 0x00000000a6900000| Complete 
|  92|0x00000000a6a00000, 0x00000000a6b00000, 0x00000000a6b00000|100%| E|CS|TAMS 0x00000000a6a00000| PB 0x00000000a6a00000| Complete 
|  93|0x00000000a6b00000, 0x00000000a6c00000, 0x00000000a6c00000|100%| E|CS|TAMS 0x00000000a6b00000| PB 0x00000000a6b00000| Complete 
|  94|0x00000000a6c00000, 0x00000000a6d00000, 0x00000000a6d00000|100%| E|CS|TAMS 0x00000000a6c00000| PB 0x00000000a6c00000| Complete 
|  95|0x00000000a6d00000, 0x00000000a6e00000, 0x00000000a6e00000|100%| E|CS|TAMS 0x00000000a6d00000| PB 0x00000000a6d00000| Complete 

Card table byte_map: [0x0000022020ff0000,0x00000220212f0000] _byte_map_base: 0x0000022020ae9000

Marking Bits: (CMBitMap*) 0x000002200da65900
 Bits: [0x00000220212f0000, 0x0000022022ab8000)

Polling page: 0x000002200b860000

Metaspace:

Usage:
  Non-class:      7.95 MB used.
      Class:      1.03 MB used.
       Both:      8.98 MB used.

Virtual space:
  Non-class space:       64.00 MB reserved,       8.06 MB ( 13%) committed,  1 nodes.
      Class space:        1.00 GB reserved,       1.12 MB ( <1%) committed,  1 nodes.
             Both:        1.06 GB reserved,       9.19 MB ( <1%) committed. 

Chunk freelists:
   Non-Class:  7.89 MB
       Class:  14.70 MB
        Both:  22.59 MB

MaxMetaspaceSize: unlimited
CompressedClassSpaceSize: 1.00 GB
Initial GC threshold: 21.00 MB
Current GC threshold: 21.00 MB
CDS: on
 - commit_granule_bytes: 65536.
 - commit_granule_words: 8192.
 - virtual_space_node_default_size: 8388608.
 - enlarge_chunks_in_place: 1.
 - use_allocation_guard: 0.


Internal statistics:

num_allocs_failed_limit: 0.
num_arena_births: 244.
num_arena_deaths: 0.
num_vsnodes_births: 2.
num_vsnodes_deaths: 0.
num_space_committed: 147.
num_space_uncommitted: 0.
num_chunks_returned_to_freelist: 0.
num_chunks_taken_from_freelist: 416.
num_chunk_merges: 0.
num_chunk_splits: 235.
num_chunks_enlarged: 110.
num_inconsistent_stats: 0.

CodeHeap 'non-profiled nmethods': size=120000Kb used=388Kb max_used=388Kb free=119611Kb
 bounds [0x0000022019490000, 0x0000022019700000, 0x00000220209c0000]
CodeHeap 'profiled nmethods': size=120000Kb used=1975Kb max_used=1975Kb free=118024Kb
 bounds [0x00000220119c0000, 0x0000022011c30000, 0x0000022018ef0000]
CodeHeap 'non-nmethods': size=5760Kb used=1429Kb max_used=1440Kb free=4330Kb
 bounds [0x0000022018ef0000, 0x0000022019160000, 0x0000022019490000]
 total_blobs=1727 nmethods=1212 adapters=420
 compilation: enabled
              stopped_count=0, restarted_count=0
 full_count=0

Compilation events (20 events):
Event: 5.351 Thread 0x00000220254b8210 nmethod 1118 0x00000220194eb610 code [0x00000220194eb7c0, 0x00000220194ebd18]
Event: 5.351 Thread 0x00000220254b8210 1121       4       sun.security.ec.point.ProjectivePoint$Mutable::conditionalSet (53 bytes)
Event: 5.385 Thread 0x00000220254b8210 nmethod 1121 0x00000220194ebe90 code [0x00000220194ec080, 0x00000220194ec970]
Event: 5.385 Thread 0x00000220254b8210 1126       4       sun.security.ec.ECOperations$PointMultiplier::lookup (84 bytes)
Event: 5.409 Thread 0x00000220254bacc0 1128       3       sun.security.ec.ECOperations$PointMultiplier$Secp256R1GeneratorMultiplier::bit (13 bytes)
Event: 5.409 Thread 0x00000220254bacc0 nmethod 1128 0x0000022011b7b390 code [0x0000022011b7b520, 0x0000022011b7b648]
Event: 5.410 Thread 0x00000220254bacc0 1129       3       java.nio.HeapByteBuffer::get (14 bytes)
Event: 5.410 Thread 0x00000220254bacc0 nmethod 1129 0x0000022011b7b710 code [0x0000022011b7b8e0, 0x0000022011b7bbb8]
Event: 5.410 Thread 0x00000220254bacc0 1130       3       java.nio.Buffer::nextGetIndex (30 bytes)
Event: 5.410 Thread 0x00000220254bacc0 nmethod 1130 0x0000022011b7bd90 code [0x0000022011b7bf40, 0x0000022011b7c110]
Event: 5.411 Thread 0x00000220254bacc0 1131       3       java.util.LinkedList$ListItr::hasNext (20 bytes)
Event: 5.412 Thread 0x00000220254bacc0 nmethod 1131 0x0000022011b7c210 code [0x0000022011b7c3c0, 0x0000022011b7c530]
Event: 5.418 Thread 0x00000220254bacc0 1132       3       java.lang.Enum::hashCode (21 bytes)
Event: 5.419 Thread 0x00000220254bacc0 nmethod 1132 0x0000022011b7c610 code [0x0000022011b7c7c0, 0x0000022011b7c948]
Event: 5.424 Thread 0x00000220254b8210 nmethod 1126 0x00000220194ed310 code [0x00000220194ed500, 0x00000220194edf90]
Event: 5.424 Thread 0x00000220254b8210 1127       4       sun.security.util.math.intpoly.IntegerPolynomial$MutableElement::setAdditiveInverse (32 bytes)
Event: 5.430 Thread 0x00000220254b8210 nmethod 1127 0x00000220194ee690 code [0x00000220194ee820, 0x00000220194ee9f0]
Event: 5.430 Thread 0x00000220254b8210 1104       4       sun.security.util.math.intpoly.IntegerPolynomialP256::reduce (40 bytes)
Event: 5.432 Thread 0x00000220254b8210 nmethod 1104 0x00000220194eeb10 code [0x00000220194eeca0, 0x00000220194eedd8]
Event: 5.432 Thread 0x00000220254b8210 1125       4       sun.security.ec.ECOperations::setDouble (463 bytes)

GC Heap History (0 events):
No events

Dll operation events (2 events):
Event: 0.052 Loaded shared library C:\Users\Flo\AppData\Local\Programs\WebStorm\jbr\bin\java.dll
Event: 0.666 Loaded shared library C:\Users\Flo\AppData\Local\Programs\WebStorm\jbr\bin\zip.dll

Deoptimization events (8 events):
Event: 1.187 Thread 0x000002200da1d4d0 Uncommon trap: trap_request=0xffffff45 fr.pc=0x00000220194a5914 relative=0x0000000000000074
Event: 1.187 Thread 0x000002200da1d4d0 Uncommon trap: reason=unstable_if action=reinterpret pc=0x00000220194a5914 method=java.lang.CharacterDataLatin1.toLowerCase(I)I @ 16 c2
Event: 1.187 Thread 0x000002200da1d4d0 DEOPT PACKING pc=0x00000220194a5914 sp=0x0000003b5abfb070
Event: 1.187 Thread 0x000002200da1d4d0 DEOPT UNPACKING pc=0x0000022018f446a2 sp=0x0000003b5abfb000 mode 2
Event: 2.968 Thread 0x000002200da1d4d0 DEOPT PACKING pc=0x00000220119d92cc sp=0x0000003b5abfc670
Event: 2.968 Thread 0x000002200da1d4d0 DEOPT UNPACKING pc=0x0000022018f44e42 sp=0x0000003b5abfba90 mode 0
Event: 3.758 Thread 0x000002200da1d4d0 DEOPT PACKING pc=0x00000220119d6b4c sp=0x0000003b5abf8bc0
Event: 3.758 Thread 0x000002200da1d4d0 DEOPT UNPACKING pc=0x0000022018f44e42 sp=0x0000003b5abf8028 mode 0

Classes loaded (20 events):
Event: 5.420 Loading class sun/security/ssl/OutputRecord$T13PaddingHolder
Event: 5.420 Loading class sun/security/ssl/OutputRecord$T13PaddingHolder done
Event: 5.420 Loading class sun/security/ssl/Ciphertext
Event: 5.420 Loading class sun/security/ssl/Ciphertext done
Event: 5.421 Loading class sun/security/ssl/PostHandshakeContext
Event: 5.421 Loading class sun/security/ssl/PostHandshakeContext done
Event: 5.421 Loading class javax/net/ssl/SSLEngineResult$Status
Event: 5.421 Loading class javax/net/ssl/SSLEngineResult$Status done
Event: 5.421 Loading class javax/net/ssl/SSLEngineResult
Event: 5.421 Loading class javax/net/ssl/SSLEngineResult done
Event: 5.422 Loading class java/lang/NoSuchFieldError
Event: 5.422 Loading class java/lang/NoSuchFieldError done
Event: 5.429 Loading class sun/nio/ch/IOVecWrapper
Event: 5.429 Loading class sun/nio/ch/IOVecWrapper done
Event: 5.430 Loading class sun/nio/ch/AllocatedNativeObject
Event: 5.431 Loading class sun/nio/ch/NativeObject
Event: 5.431 Loading class sun/nio/ch/NativeObject done
Event: 5.431 Loading class sun/nio/ch/AllocatedNativeObject done
Event: 5.431 Loading class sun/nio/ch/IOVecWrapper$Deallocator
Event: 5.432 Loading class sun/nio/ch/IOVecWrapper$Deallocator done

Classes unloaded (0 events):
No events

Classes redefined (0 events):
No events

Internal exceptions (20 events):
Event: 2.818 Thread 0x000002200da1d4d0 Exception <a 'java/lang/NoSuchMethodError'{0x00000000a677c6b0}: 'int java.lang.invoke.DirectMethodHandle$Holder.invokeStaticInit(java.lang.Object, int, int)'> (0x00000000a677c6b0) 
thrown [s\src\hotspot\share\interpreter\linkResolver.cpp, line 784]
Event: 2.821 Thread 0x000002200da1d4d0 Exception <a 'java/lang/NoSuchMethodError'{0x00000000a6783cc0}: 'int java.lang.invoke.DirectMethodHandle$Holder.invokeStaticInit(java.lang.Object, long, long)'> (0x00000000a6783cc0) 
thrown [s\src\hotspot\share\interpreter\linkResolver.cpp, line 784]
Event: 2.823 Thread 0x000002200da1d4d0 Exception <a 'java/lang/NoSuchMethodError'{0x00000000a678a758}: 'int java.lang.invoke.DirectMethodHandle$Holder.invokeStaticInit(java.lang.Object, float, float)'> (0x00000000a678a758) 
thrown [s\src\hotspot\share\interpreter\linkResolver.cpp, line 784]
Event: 2.825 Thread 0x000002200da1d4d0 Exception <a 'java/lang/NoSuchMethodError'{0x00000000a67911e8}: 'int java.lang.invoke.DirectMethodHandle$Holder.invokeStaticInit(java.lang.Object, double, double)'> (0x00000000a67911e8) 
thrown [s\src\hotspot\share\interpreter\linkResolver.cpp, line 784]
Event: 2.825 Thread 0x000002200da1d4d0 Exception <a 'java/lang/NoSuchMethodError'{0x00000000a6795870}: 'int java.lang.invoke.DirectMethodHandle$Holder.invokeStatic(java.lang.Object, long)'> (0x00000000a6795870) 
thrown [s\src\hotspot\share\interpreter\linkResolver.cpp, line 784]
Event: 2.959 Thread 0x000002200da1d4d0 Exception <a 'java/lang/NoSuchMethodError'{0x00000000a67bf3e8}: 'java.lang.Object java.lang.invoke.DirectMethodHandle$Holder.invokeSpecial(java.lang.Object, java.lang.Object, int, java.lang.Object, java.lang.Object)'> (0x00000000a67bf3e8) 
thrown [s\src\hotspot\share\interpreter\linkResolver.cpp, line 784]
Event: 2.960 Thread 0x000002200da1d4d0 Exception <a 'java/lang/NoSuchMethodError'{0x00000000a67c2d78}: 'java.lang.Object java.lang.invoke.DelegatingMethodHandle$Holder.delegate(java.lang.Object, int, java.lang.Object, java.lang.Object)'> (0x00000000a67c2d78) 
thrown [s\src\hotspot\share\interpreter\linkResolver.cpp, line 784]
Event: 2.969 Thread 0x000002200da1d4d0 Exception <a 'java/lang/NoSuchMethodError'{0x00000000a67d2098}: 'int java.lang.invoke.Invokers$Holder.linkToTargetMethod(java.lang.Object, java.lang.Object, java.lang.Object)'> (0x00000000a67d2098) 
thrown [s\src\hotspot\share\interpreter\linkResolver.cpp, line 784]
Event: 2.982 Thread 0x000002200da1d4d0 Exception <a 'java/lang/NoSuchMethodError'{0x00000000a6605ba0}: 'long java.lang.invoke.DirectMethodHandle$Holder.invokeSpecial(java.lang.Object, java.lang.Object)'> (0x00000000a6605ba0) 
thrown [s\src\hotspot\share\interpreter\linkResolver.cpp, line 784]
Event: 2.984 Thread 0x000002200da1d4d0 Exception <a 'java/lang/NoSuchMethodError'{0x00000000a660c470}: 'int java.lang.invoke.DirectMethodHandle$Holder.invokeStatic(java.lang.Object, java.lang.Object, java.lang.Object, java.lang.Object)'> (0x00000000a660c470) 
thrown [s\src\hotspot\share\interpreter\linkResolver.cpp, line 784]
Event: 2.986 Thread 0x000002200da1d4d0 Exception <a 'java/lang/NoSuchMethodError'{0x00000000a660f890}: 'java.lang.Object java.lang.invoke.Invokers$Holder.invokeExact_MT(java.lang.Object, java.lang.Object, java.lang.Object, java.lang.Object, java.lang.Object, java.lang.Object)'> (0x00000000a660f890) 
thrown [s\src\hotspot\share\interpreter\linkResolver.cpp, line 784]
Event: 4.173 Thread 0x000002200da1d4d0 Exception <a 'java/lang/NoSuchMethodError'{0x00000000a65c8b98}: 'java.lang.Object java.lang.invoke.DirectMethodHandle$Holder.newInvokeSpecial(java.lang.Object, java.lang.Object, java.lang.Object, java.lang.Object, java.lang.Object)'> (0x00000000a65c8b98) 
thrown [s\src\hotspot\share\interpreter\linkResolver.cpp, line 784]
Event: 4.292 Thread 0x000002200da1d4d0 Exception <a 'java/lang/NoSuchMethodError'{0x00000000a63c7688}: 'java.lang.Object java.lang.invoke.DirectMethodHandle$Holder.invokeSpecial(java.lang.Object, java.lang.Object, java.lang.Object, java.lang.Object, int)'> (0x00000000a63c7688) 
thrown [s\src\hotspot\share\interpreter\linkResolver.cpp, line 784]
Event: 4.292 Thread 0x000002200da1d4d0 Exception <a 'java/lang/NoSuchMethodError'{0x00000000a63caff0}: 'java.lang.Object java.lang.invoke.Invokers$Holder.linkToTargetMethod(java.lang.Object, java.lang.Object, int, java.lang.Object)'> (0x00000000a63caff0) 
thrown [s\src\hotspot\share\interpreter\linkResolver.cpp, line 784]
Event: 4.506 Thread 0x000002200da1d4d0 Exception <a 'java/lang/NoSuchMethodError'{0x00000000a63fa258}: 'void java.lang.invoke.DirectMethodHandle$Holder.invokeSpecial(java.lang.Object, java.lang.Object, java.lang.Object)'> (0x00000000a63fa258) 
thrown [s\src\hotspot\share\interpreter\linkResolver.cpp, line 784]
Event: 4.735 Thread 0x000002206b00b550 Exception <a 'java/lang/NoSuchMethodError'{0x00000000a649ebf0}: 'void java.lang.invoke.DirectMethodHandle$Holder.invokeStatic(java.lang.Object, java.lang.Object, int)'> (0x00000000a649ebf0) 
thrown [s\src\hotspot\share\interpreter\linkResolver.cpp, line 784]
Event: 4.748 Thread 0x000002200da1d4d0 Exception <a 'java/lang/NoSuchMethodError'{0x00000000a6289c40}: 'void java.lang.invoke.DirectMethodHandle$Holder.invokeSpecial(java.lang.Object, java.lang.Object, java.lang.Object, java.lang.Object, java.lang.Object)'> (0x00000000a6289c40) 
thrown [s\src\hotspot\share\interpreter\linkResolver.cpp, line 784]
Event: 4.759 Thread 0x000002206b00b550 Exception <a 'java/lang/NoSuchMethodError'{0x00000000a64d88e8}: 'void java.lang.invoke.DirectMethodHandle$Holder.invokeStatic(java.lang.Object, java.lang.Object)'> (0x00000000a64d88e8) 
thrown [s\src\hotspot\share\interpreter\linkResolver.cpp, line 784]
Event: 4.805 Thread 0x000002206b09c5f0 Exception <a 'java/lang/NoSuchMethodError'{0x00000000a6110780}: 'void java.lang.invoke.DirectMethodHandle$Holder.invokeInterface(java.lang.Object, java.lang.Object, java.lang.Object)'> (0x00000000a6110780) 
thrown [s\src\hotspot\share\interpreter\linkResolver.cpp, line 784]
Event: 4.825 Thread 0x000002206b09c5f0 Exception <a 'java/lang/NoSuchMethodError'{0x00000000a615e828}: 'void java.lang.invoke.DirectMethodHandle$Holder.invokeVirtual(java.lang.Object, java.lang.Object)'> (0x00000000a615e828) 
thrown [s\src\hotspot\share\interpreter\linkResolver.cpp, line 784]

ZGC Phase Switch (0 events):
No events

VM Operations (14 events):
Event: 0.668 Executing VM operation: HandshakeAllThreads (Deoptimize)
Event: 0.669 Executing VM operation: HandshakeAllThreads (Deoptimize) done
Event: 0.758 Executing VM operation: HandshakeAllThreads (Deoptimize)
Event: 0.758 Executing VM operation: HandshakeAllThreads (Deoptimize) done
Event: 1.759 Executing VM operation: Cleanup
Event: 1.760 Executing VM operation: Cleanup done
Event: 1.841 Executing VM operation: HandshakeAllThreads (Deoptimize)
Event: 1.841 Executing VM operation: HandshakeAllThreads (Deoptimize) done
Event: 2.853 Executing VM operation: Cleanup
Event: 2.932 Executing VM operation: Cleanup done
Event: 3.947 Executing VM operation: Cleanup
Event: 3.979 Executing VM operation: Cleanup done
Event: 4.981 Executing VM operation: Cleanup
Event: 4.997 Executing VM operation: Cleanup done

Memory protections (0 events):
No events

Nmethod flushes (0 events):
No events

Events (20 events):
Event: 0.107 Thread 0x000002200da1d4d0 Thread added: 0x000002200da1d4d0
Event: 0.155 Thread 0x000002200da1d4d0 Thread added: 0x00000220254af290
Event: 0.155 Thread 0x000002200da1d4d0 Thread added: 0x00000220254b0350
Event: 0.155 Thread 0x000002200da1d4d0 Thread added: 0x00000220254b2420
Event: 0.155 Thread 0x000002200da1d4d0 Thread added: 0x00000220254b5ff0
Event: 0.155 Thread 0x000002200da1d4d0 Thread added: 0x00000220254b6a40
Event: 0.156 Thread 0x000002200da1d4d0 Thread added: 0x00000220254b7490
Event: 0.156 Thread 0x000002200da1d4d0 Thread added: 0x00000220254b8210
Event: 0.161 Thread 0x000002200da1d4d0 Thread added: 0x00000220254bacc0
Event: 0.496 Thread 0x000002200da1d4d0 Thread added: 0x0000022025726d40
Event: 0.511 Thread 0x000002200da1d4d0 Thread added: 0x0000022025727d70
Event: 0.630 Loaded shared library C:\Users\Flo\AppData\Local\Programs\WebStorm\jbr\bin\net.dll
Event: 0.641 Loaded shared library C:\Users\Flo\AppData\Local\Programs\WebStorm\jbr\bin\nio.dll
Event: 0.658 Loaded shared library C:\Users\Flo\AppData\Local\Programs\WebStorm\jbr\bin\zip.dll
Event: 1.034 Loaded shared library C:\Users\Flo\AppData\Local\Programs\WebStorm\jbr\bin\jimage.dll
Event: 3.580 Loaded shared library C:\Users\Flo\AppData\Local\Programs\WebStorm\jbr\bin\sunmscapi.dll
Event: 4.137 Loaded shared library C:\Users\Flo\AppData\Local\Programs\WebStorm\jbr\bin\extnet.dll
Event: 4.157 Thread 0x000002200da1d4d0 Thread added: 0x000002206b00b550
Event: 4.757 Thread 0x000002206b00b550 Thread added: 0x000002206b09c5f0
Event: 4.846 Thread 0x000002206b00b550 Thread added: 0x000002206b14f5f0


Dynamic libraries:
0x00007ff771060000 - 0x00007ff77106a000 	C:\Users\Flo\AppData\Local\Programs\WebStorm\jbr\bin\java.exe
0x00007ff89f2d0000 - 0x00007ff89f4c8000 	C:\windows\SYSTEM32\ntdll.dll
0x00007ff89e3c0000 - 0x00007ff89e482000 	C:\windows\System32\KERNEL32.DLL
0x00007ff89ce90000 - 0x00007ff89d186000 	C:\windows\System32\KERNELBASE.dll
0x00007ff89c9c0000 - 0x00007ff89cac0000 	C:\windows\System32\ucrtbase.dll
0x00007ff8955d0000 - 0x00007ff8955eb000 	C:\Users\Flo\AppData\Local\Programs\WebStorm\jbr\bin\VCRUNTIME140.dll
0x00007ff87f840000 - 0x00007ff87f858000 	C:\Users\Flo\AppData\Local\Programs\WebStorm\jbr\bin\jli.dll
0x00007ff89e080000 - 0x00007ff89e21d000 	C:\windows\System32\USER32.dll
0x00007ff89d2d0000 - 0x00007ff89d2f2000 	C:\windows\System32\win32u.dll
0x00007ff89dff0000 - 0x00007ff89e01b000 	C:\windows\System32\GDI32.dll
0x00007ff89cd70000 - 0x00007ff89ce8a000 	C:\windows\System32\gdi32full.dll
0x00007ff89cb70000 - 0x00007ff89cc0d000 	C:\windows\System32\msvcp_win.dll
0x00007ff886920000 - 0x00007ff886bba000 	C:\windows\WinSxS\amd64_microsoft.windows.common-controls_6595b64144ccf1df_6.0.19041.5794_none_60bcd33171f2783c\COMCTL32.dll
0x00007ff89d300000 - 0x00007ff89d39e000 	C:\windows\System32\msvcrt.dll
0x00007ff89df00000 - 0x00007ff89df2f000 	C:\windows\System32\IMM32.DLL
0x00007ff898990000 - 0x00007ff89899c000 	C:\Users\Flo\AppData\Local\Programs\WebStorm\jbr\bin\vcruntime140_1.dll
0x00007ff864f50000 - 0x00007ff864fdd000 	C:\Users\Flo\AppData\Local\Programs\WebStorm\jbr\bin\msvcp140.dll
0x00007ff82f720000 - 0x00007ff8304e1000 	C:\Users\Flo\AppData\Local\Programs\WebStorm\jbr\bin\server\jvm.dll
0x00007ff89da70000 - 0x00007ff89db1f000 	C:\windows\System32\ADVAPI32.dll
0x00007ff89d9d0000 - 0x00007ff89da6f000 	C:\windows\System32\sechost.dll
0x00007ff89ed20000 - 0x00007ff89ee43000 	C:\windows\System32\RPCRT4.dll
0x00007ff89d220000 - 0x00007ff89d247000 	C:\windows\System32\bcrypt.dll
0x00007ff89e350000 - 0x00007ff89e3bb000 	C:\windows\System32\WS2_32.dll
0x00007ff89c7d0000 - 0x00007ff89c81b000 	C:\windows\SYSTEM32\POWRPROF.dll
0x00007ff8904c0000 - 0x00007ff8904e7000 	C:\windows\SYSTEM32\WINMM.dll
0x00007ff8922a0000 - 0x00007ff8922aa000 	C:\windows\SYSTEM32\VERSION.dll
0x00007ff89c7b0000 - 0x00007ff89c7c2000 	C:\windows\SYSTEM32\UMPDC.dll
0x00007ff89a7f0000 - 0x00007ff89a802000 	C:\windows\SYSTEM32\kernel.appcore.dll
0x00007ff898980000 - 0x00007ff89898a000 	C:\Users\Flo\AppData\Local\Programs\WebStorm\jbr\bin\jimage.dll
0x00007ff8942e0000 - 0x00007ff8944e1000 	C:\windows\SYSTEM32\DBGHELP.DLL
0x00007ff883880000 - 0x00007ff8838b4000 	C:\windows\SYSTEM32\dbgcore.DLL
0x00007ff89d190000 - 0x00007ff89d212000 	C:\windows\System32\bcryptPrimitives.dll
0x00007ff8904f0000 - 0x00007ff890510000 	C:\Users\Flo\AppData\Local\Programs\WebStorm\jbr\bin\java.dll
0x00007ff89e490000 - 0x00007ff89ebfe000 	C:\windows\System32\SHELL32.dll
0x00007ff89a9f0000 - 0x00007ff89b193000 	C:\windows\SYSTEM32\windows.storage.dll
0x00007ff89ee50000 - 0x00007ff89f1a3000 	C:\windows\System32\combase.dll
0x00007ff89c2d0000 - 0x00007ff89c2fb000 	C:\windows\SYSTEM32\Wldp.dll
0x00007ff89de30000 - 0x00007ff89defd000 	C:\windows\System32\OLEAUT32.dll
0x00007ff89dba0000 - 0x00007ff89dc4d000 	C:\windows\System32\SHCORE.dll
0x00007ff89e020000 - 0x00007ff89e075000 	C:\windows\System32\shlwapi.dll
0x00007ff89c8a0000 - 0x00007ff89c8c5000 	C:\windows\SYSTEM32\profapi.dll
0x00007ff898220000 - 0x00007ff898230000 	C:\Users\Flo\AppData\Local\Programs\WebStorm\jbr\bin\net.dll
0x00007ff893e30000 - 0x00007ff893f3a000 	C:\windows\SYSTEM32\WINHTTP.dll
0x00007ff89c030000 - 0x00007ff89c09c000 	C:\windows\system32\mswsock.dll
0x00007ff8866d0000 - 0x00007ff8866e6000 	C:\Users\Flo\AppData\Local\Programs\WebStorm\jbr\bin\nio.dll
0x00007ff8866f0000 - 0x00007ff886708000 	C:\Users\Flo\AppData\Local\Programs\WebStorm\jbr\bin\zip.dll
0x00007ff89c230000 - 0x00007ff89c248000 	C:\windows\SYSTEM32\CRYPTSP.dll
0x00007ff89b950000 - 0x00007ff89b988000 	C:\windows\system32\rsaenh.dll
0x00007ff89c860000 - 0x00007ff89c88e000 	C:\windows\SYSTEM32\USERENV.dll
0x00007ff89c220000 - 0x00007ff89c22c000 	C:\windows\SYSTEM32\CRYPTBASE.dll
0x00007ff89bd10000 - 0x00007ff89bd4b000 	C:\windows\SYSTEM32\IPHLPAPI.DLL
0x00007ff89dd10000 - 0x00007ff89dd18000 	C:\windows\System32\NSI.dll
0x00007ff886880000 - 0x00007ff88688e000 	C:\Users\Flo\AppData\Local\Programs\WebStorm\jbr\bin\sunmscapi.dll
0x00007ff89cc10000 - 0x00007ff89cd6d000 	C:\windows\System32\CRYPT32.dll
0x00007ff89c340000 - 0x00007ff89c367000 	C:\windows\SYSTEM32\ncrypt.dll
0x00007ff89c300000 - 0x00007ff89c33b000 	C:\windows\SYSTEM32\NTASN1.dll
0x00007ff87cc70000 - 0x00007ff87cc77000 	C:\windows\system32\wshunix.dll
0x00007ff8867e0000 - 0x00007ff8867e9000 	C:\Users\Flo\AppData\Local\Programs\WebStorm\jbr\bin\extnet.dll

dbghelp: loaded successfully - version: 4.0.5 - missing functions: none
symbol engine: initialized successfully - sym options: 0x614 - pdb path: .;C:\Users\Flo\AppData\Local\Programs\WebStorm\jbr\bin;C:\windows\SYSTEM32;C:\windows\WinSxS\amd64_microsoft.windows.common-controls_6595b64144ccf1df_6.0.19041.5794_none_60bcd33171f2783c;C:\Users\Flo\AppData\Local\Programs\WebStorm\jbr\bin\server

VM Arguments:
java_command: git4idea.http.GitAskPassApp Username for 'https://git.nwt.fhstp.ac.at': 
java_class_path (initial): C:/Users/Flo/AppData/Local/Programs/WebStorm/plugins/vcs-git/lib/git4idea-rt.jar;C:/Users/Flo/AppData/Local/Programs/WebStorm/lib/externalProcess-rt.jar
Launcher Type: SUN_STANDARD

[Global flags]
     intx CICompilerCount                          = 4                                         {product} {ergonomic}
     uint ConcGCThreads                            = 2                                         {product} {ergonomic}
     uint G1ConcRefinementThreads                  = 8                                         {product} {ergonomic}
   size_t G1HeapRegionSize                         = 1048576                                   {product} {ergonomic}
    uintx GCDrainStackTargetSize                   = 64                                        {product} {ergonomic}
   size_t InitialHeapSize                          = 100663296                                 {product} {ergonomic}
   size_t MarkStackSize                            = 4194304                                   {product} {ergonomic}
   size_t MaxHeapSize                              = 1595932672                                {product} {ergonomic}
   size_t MaxNewSize                               = 957349888                                 {product} {ergonomic}
   size_t MinHeapDeltaBytes                        = 1048576                                   {product} {ergonomic}
   size_t MinHeapSize                              = 8388608                                   {product} {ergonomic}
    uintx NonNMethodCodeHeapSize                   = 5839372                                {pd product} {ergonomic}
    uintx NonProfiledCodeHeapSize                  = 122909434                              {pd product} {ergonomic}
    uintx ProfiledCodeHeapSize                     = 122909434                              {pd product} {ergonomic}
    uintx ReservedCodeCacheSize                    = 251658240                              {pd product} {ergonomic}
     bool SegmentedCodeCache                       = true                                      {product} {ergonomic}
   size_t SoftMaxHeapSize                          = 1595932672                             {manageable} {ergonomic}
     bool UseCompressedOops                        = true                           {product lp64_product} {ergonomic}
     bool UseG1GC                                  = true                                      {product} {ergonomic}
     bool UseLargePagesIndividualAllocation        = false                                  {pd product} {ergonomic}

Logging:
Log output configuration:
 #0: stdout all=warning uptime,level,tags foldmultilines=false
 #1: stderr all=off uptime,level,tags foldmultilines=false

Environment Variables:
JAVA_HOME=C:\Program Files\Java\jdk-21_windows-x64_bin
PATH=C:/Program Files/Git/mingw64/libexec/git-core;C:/Program Files/Git/mingw64/libexec/git-core;C:\Program Files\Git\mingw64\bin;C:\Program Files\Git\usr\bin;C:\Users\Flo\bin;C:\windows\system32;C:\windows;C:\windows\System32\Wbem;C:\windows\System32\WindowsPowerShell\v1.0\;C:\windows\System32\OpenSSH\;C:\Program Files\CMake\bin;C:\Program Files (x86)\Windows Kits\10\Windows Performance Toolkit\;C:\Program Files\nodejs\;C:\Program Files\Git\cmd;C:\Users\Flo\AppData\Local\Microsoft\WindowsApps;C:\Users\Flo\AppData\Local\Programs\Microsoft VS Code\bin;C:\Users\Flo\AppData\Local\JetBrains\Toolbox\scripts;C:\Users\Flo\AppData\Roaming\npm
USERNAME=Flo
DISPLAY=:0.0
LC_ALL=en_US.UTF-8
TERM=xterm-256color
TMPDIR=C:\Users\Flo\AppData\Local\Temp
OS=Windows_NT
PROCESSOR_IDENTIFIER=AMD64 Family 23 Model 24 Stepping 1, AuthenticAMD
TMP=C:\Users\Flo\AppData\Local\Temp
TEMP=C:\Users\Flo\AppData\Local\Temp




Periodic native trim disabled

JNI global refs:
JNI global refs: 20, weak refs: 0

JNI global refs memory usage: 835, weak refs: 201

Process memory usage:
Resident Set Size: 79176K (1% of 6232908K total physical memory with 101784K free physical memory)

OOME stack traces (most recent first):
Classloader memory used:
Loader bootstrap                                                                       : 7281K
Loader jdk.internal.loader.ClassLoaders$PlatformClassLoader                            : 1901K
Loader jdk.internal.loader.ClassLoaders$AppClassLoader                                 : 16448B

---------------  S Y S T E M  ---------------

OS:
 Windows 10 , 64 bit Build 19041 (10.0.19041.5794)
OS uptime: 7 days 23:56 hours

CPU: total 8 (initial active 8) (8 cores per cpu, 2 threads per core) family 23 model 24 stepping 1 microcode 0x0, cx8, cmov, fxsr, ht, mmx, 3dnowpref, sse, sse2, sse3, ssse3, sse4a, sse4.1, sse4.2, popcnt, lzcnt, tsc, tscinvbit, avx, avx2, aes, clmul, bmi1, bmi2, adx, sha, fma, vzeroupper, clflush, clflushopt, rdtscp, f16c
Processor Information for the first 8 processors :
  Max Mhz: 2100, Current Mhz: 2100, Mhz Limit: 2100

Memory: 4k page, system-wide physical 6086M (98M free)
TotalPageFile size 24518M (AvailPageFile size 8M)
current process WorkingSet (physical memory assigned to process): 77M, peak: 77M
current process commit charge ("private bytes"): 196M, peak: 197M

vm_info: OpenJDK 64-Bit Server VM (21.0.6+8-b631.39) for windows-amd64 JRE (21.0.6+8-b631.39), built on 2025-02-04 by "builduser" with MS VC++ 16.10 / 16.11 (VS2019)

END.
