#
# There is insufficient memory for the Java Runtime Environment to continue.
# Native memory allocation (mmap) failed to map 100663296 bytes. Error detail: G1 virtual space
# Possible reasons:
#   The system is out of physical RAM or swap space
#   This process is running with CompressedOops enabled, and the Java Heap may be blocking the growth of the native heap
# Possible solutions:
#   Reduce memory load on the system
#   Increase physical memory or swap space
#   Check if swap backing store is full
#   Decrease Java heap size (-Xmx/-Xms)
#   Decrease number of Java threads
#   Decrease Java thread stack sizes (-Xss)
#   Set larger code cache with -XX:ReservedCodeCacheSize=
#   JVM is running with Unscaled Compressed Oops mode in which the Java heap is
#     placed in the first 4GB address space. The Java Heap base address is the
#     maximum limit for the native heap growth. Please use -XX:HeapBaseMinAddress
#     to set the Java Heap base and to place the Java Heap above 4GB virtual address.
# This output file may be truncated or incomplete.
#
#  Out of Memory Error (os_windows.cpp:3898), pid=16628, tid=23588
#
# JRE version:  (21.0.6+8) (build )
# Java VM: OpenJDK 64-Bit Server VM (21.0.6+8-b631.39, mixed mode, sharing, tiered, compressed oops, compressed class ptrs, g1 gc, windows-amd64)
# No core dump will be written. Minidumps are not enabled by default on client versions of Windows
#

---------------  S U M M A R Y ------------

Command Line: git4idea.http.GitAskPassApp Username for 'https://git.nwt.fhstp.ac.at': 

Host: AMD Ryzen 5 3450U with Radeon Vega Mobile Gfx  , 8 cores, 5G,  Windows 10 , 64 bit Build 19041 (10.0.19041.5794)
Time: Wed Jun 11 14:27:51 2025 W. Europe Daylight Time elapsed time: 0.059557 seconds (0d 0h 0m 0s)

---------------  T H R E A D  ---------------

Current thread (0x0000020335d998b0):  JavaThread "Unknown thread" [_thread_in_vm, id=23588, stack(0x0000003994f00000,0x0000003995000000) (1024K)]

Stack: [0x0000003994f00000,0x0000003995000000]
Native frames: (J=compiled Java code, j=interpreted, Vv=VM code, C=native code)
V  [jvm.dll+0x6e5d39]
V  [jvm.dll+0x8c4133]
V  [jvm.dll+0x8c668e]
V  [jvm.dll+0x8c6d73]
V  [jvm.dll+0x288f76]
V  [jvm.dll+0x6e25f5]
V  [jvm.dll+0x6d60aa]
V  [jvm.dll+0x3635bb]
V  [jvm.dll+0x36b186]
V  [jvm.dll+0x3bd4b6]
V  [jvm.dll+0x3bd788]
V  [jvm.dll+0x335d2c]
V  [jvm.dll+0x336a1b]
V  [jvm.dll+0x88b589]
V  [jvm.dll+0x3ca688]
V  [jvm.dll+0x874698]
V  [jvm.dll+0x45f04e]
V  [jvm.dll+0x460d31]
C  [jli.dll+0x52ab]
C  [ucrtbase.dll+0x21bb2]
C  [KERNEL32.DLL+0x17374]
C  [ntdll.dll+0x4cc91]


---------------  P R O C E S S  ---------------

Threads class SMR info:
_java_thread_list=0x00007ff83037a148, length=0, elements={
}

Java Threads: ( => current thread )
Total: 0

Other Threads:
  0x0000020335ddbff0 WorkerThread "GC Thread#0"                     [id=15544, stack(0x0000003995000000,0x0000003995100000) (1024K)]
  0x0000020335dea680 ConcurrentGCThread "G1 Main Marker"            [id=10864, stack(0x0000003995100000,0x0000003995200000) (1024K)]
  0x0000020335dec0a0 WorkerThread "G1 Conc#0"                       [id=20448, stack(0x0000003995200000,0x0000003995300000) (1024K)]

[error occurred during error reporting (printing all threads), id 0xc0000005, EXCEPTION_ACCESS_VIOLATION (0xc0000005) at pc=0x00007ff82fa68de7]
VM state: not at safepoint (not fully initialized)

VM Mutex/Monitor currently owned by a thread:  ([mutex/lock_event])
[0x00007ff8303eeb30] Heap_lock - owner thread: 0x0000020335d998b0

Heap address: 0x00000000a0e00000, size: 1522 MB, Compressed Oops mode: 32-bit

CDS archive(s) mapped at: [0x0000000000000000-0x0000000000000000-0x0000000000000000), size 0, SharedBaseAddress: 0x0000000800000000, ArchiveRelocationMode: 1.
Narrow klass base: 0x0000000000000000, Narrow klass shift: 0, Narrow klass range: 0x0

GC Precious Log:
 CardTable entry size: 512
 Card Set container configuration: InlinePtr #cards 5 size 8 Array Of Cards #cards 12 size 40 Howl #buckets 4 coarsen threshold 1843 Howl Bitmap #cards 512 size 80 coarsen threshold 460 Card regions per heap region 1 cards per card region 2048

Heap:
 garbage-first heap   total 0K, used 0K [0x00000000a0e00000, 0x0000000100000000)
  region size 1024K, 0 young (0K), 0 survivors (0K)
 Metaspace       used 0K, committed 0K, reserved 0K
  class space    used 0K, committed 0K, reserved 0K

Heap Regions: E=young(eden), S=young(survivor), O=old, HS=humongous(starts), HC=humongous(continues), CS=collection set, F=free, TAMS=top-at-mark-start, PB=parsable bottom

Card table byte_map: [0x0000020349370000,0x0000020349670000] _byte_map_base: 0x0000020348e69000

Marking Bits: (CMBitMap*) 0x0000020335ddd610
 Bits: [0x0000020349670000, 0x000002034ae38000)

GC Heap History (0 events):
No events

Dll operation events (1 events):
Event: 0.042 Loaded shared library C:\Users\Flo\AppData\Local\Programs\WebStorm\jbr\bin\java.dll

Deoptimization events (0 events):
No events

Classes loaded (0 events):
No events

Classes unloaded (0 events):
No events

Classes redefined (0 events):
No events

Internal exceptions (0 events):
No events

ZGC Phase Switch (0 events):
No events

VM Operations (0 events):
No events

Memory protections (0 events):
No events

Nmethod flushes (0 events):
No events

Events (0 events):
No events


Dynamic libraries:
0x00007ff692fc0000 - 0x00007ff692fca000 	C:\Users\Flo\AppData\Local\Programs\WebStorm\jbr\bin\java.exe
0x00007ff89f2d0000 - 0x00007ff89f4c8000 	C:\windows\SYSTEM32\ntdll.dll
0x00007ff89e3c0000 - 0x00007ff89e482000 	C:\windows\System32\KERNEL32.DLL
0x00007ff89ce90000 - 0x00007ff89d186000 	C:\windows\System32\KERNELBASE.dll
0x00007ff89c9c0000 - 0x00007ff89cac0000 	C:\windows\System32\ucrtbase.dll
0x00007ff8955d0000 - 0x00007ff8955eb000 	C:\Users\Flo\AppData\Local\Programs\WebStorm\jbr\bin\VCRUNTIME140.dll
0x00007ff87f410000 - 0x00007ff87f428000 	C:\Users\Flo\AppData\Local\Programs\WebStorm\jbr\bin\jli.dll
0x00007ff89e080000 - 0x00007ff89e21d000 	C:\windows\System32\USER32.dll
0x00007ff89d2d0000 - 0x00007ff89d2f2000 	C:\windows\System32\win32u.dll
0x00007ff89dff0000 - 0x00007ff89e01b000 	C:\windows\System32\GDI32.dll
0x00007ff89cd70000 - 0x00007ff89ce8a000 	C:\windows\System32\gdi32full.dll
0x00007ff886920000 - 0x00007ff886bba000 	C:\windows\WinSxS\amd64_microsoft.windows.common-controls_6595b64144ccf1df_6.0.19041.5794_none_60bcd33171f2783c\COMCTL32.dll
0x00007ff89cb70000 - 0x00007ff89cc0d000 	C:\windows\System32\msvcp_win.dll
0x00007ff89d300000 - 0x00007ff89d39e000 	C:\windows\System32\msvcrt.dll
0x00007ff89df00000 - 0x00007ff89df2f000 	C:\windows\System32\IMM32.DLL
0x00007ff898990000 - 0x00007ff89899c000 	C:\Users\Flo\AppData\Local\Programs\WebStorm\jbr\bin\vcruntime140_1.dll
0x00007ff868420000 - 0x00007ff8684ad000 	C:\Users\Flo\AppData\Local\Programs\WebStorm\jbr\bin\msvcp140.dll
0x00007ff82f720000 - 0x00007ff8304e1000 	C:\Users\Flo\AppData\Local\Programs\WebStorm\jbr\bin\server\jvm.dll
0x00007ff89da70000 - 0x00007ff89db1f000 	C:\windows\System32\ADVAPI32.dll
0x00007ff89d9d0000 - 0x00007ff89da6f000 	C:\windows\System32\sechost.dll
0x00007ff89ed20000 - 0x00007ff89ee43000 	C:\windows\System32\RPCRT4.dll
0x00007ff89d220000 - 0x00007ff89d247000 	C:\windows\System32\bcrypt.dll
0x00007ff89e350000 - 0x00007ff89e3bb000 	C:\windows\System32\WS2_32.dll
0x00007ff89c7d0000 - 0x00007ff89c81b000 	C:\windows\SYSTEM32\POWRPROF.dll
0x00007ff8904c0000 - 0x00007ff8904e7000 	C:\windows\SYSTEM32\WINMM.dll
0x00007ff8922a0000 - 0x00007ff8922aa000 	C:\windows\SYSTEM32\VERSION.dll
0x00007ff89c7b0000 - 0x00007ff89c7c2000 	C:\windows\SYSTEM32\UMPDC.dll
0x00007ff89a7f0000 - 0x00007ff89a802000 	C:\windows\SYSTEM32\kernel.appcore.dll
0x00007ff898980000 - 0x00007ff89898a000 	C:\Users\Flo\AppData\Local\Programs\WebStorm\jbr\bin\jimage.dll
0x00007ff8942e0000 - 0x00007ff8944e1000 	C:\windows\SYSTEM32\DBGHELP.DLL
0x00007ff883880000 - 0x00007ff8838b4000 	C:\windows\SYSTEM32\dbgcore.DLL
0x00007ff89d190000 - 0x00007ff89d212000 	C:\windows\System32\bcryptPrimitives.dll
0x00007ff8904f0000 - 0x00007ff890510000 	C:\Users\Flo\AppData\Local\Programs\WebStorm\jbr\bin\java.dll

dbghelp: loaded successfully - version: 4.0.5 - missing functions: none
symbol engine: initialized successfully - sym options: 0x614 - pdb path: .;C:\Users\Flo\AppData\Local\Programs\WebStorm\jbr\bin;C:\windows\SYSTEM32;C:\windows\WinSxS\amd64_microsoft.windows.common-controls_6595b64144ccf1df_6.0.19041.5794_none_60bcd33171f2783c;C:\Users\Flo\AppData\Local\Programs\WebStorm\jbr\bin\server

VM Arguments:
java_command: git4idea.http.GitAskPassApp Username for 'https://git.nwt.fhstp.ac.at': 
java_class_path (initial): C:/Users/Flo/AppData/Local/Programs/WebStorm/plugins/vcs-git/lib/git4idea-rt.jar;C:/Users/Flo/AppData/Local/Programs/WebStorm/lib/externalProcess-rt.jar
Launcher Type: SUN_STANDARD

[Global flags]
     intx CICompilerCount                          = 4                                         {product} {ergonomic}
     uint ConcGCThreads                            = 2                                         {product} {ergonomic}
     uint G1ConcRefinementThreads                  = 8                                         {product} {ergonomic}
   size_t G1HeapRegionSize                         = 1048576                                   {product} {ergonomic}
    uintx GCDrainStackTargetSize                   = 64                                        {product} {ergonomic}
   size_t InitialHeapSize                          = 100663296                                 {product} {ergonomic}
   size_t MarkStackSize                            = 4194304                                   {product} {ergonomic}
   size_t MaxHeapSize                              = 1595932672                                {product} {ergonomic}
   size_t MinHeapDeltaBytes                        = 1048576                                   {product} {ergonomic}
   size_t MinHeapSize                              = 8388608                                   {product} {ergonomic}
    uintx NonNMethodCodeHeapSize                   = 5839372                                {pd product} {ergonomic}
    uintx NonProfiledCodeHeapSize                  = 122909434                              {pd product} {ergonomic}
    uintx ProfiledCodeHeapSize                     = 122909434                              {pd product} {ergonomic}
    uintx ReservedCodeCacheSize                    = 251658240                              {pd product} {ergonomic}
     bool SegmentedCodeCache                       = true                                      {product} {ergonomic}
   size_t SoftMaxHeapSize                          = 1595932672                             {manageable} {ergonomic}
     bool UseCompressedOops                        = true                           {product lp64_product} {ergonomic}
     bool UseG1GC                                  = true                                      {product} {ergonomic}
     bool UseLargePagesIndividualAllocation        = false                                  {pd product} {ergonomic}

Logging:
Log output configuration:
 #0: stdout all=warning uptime,level,tags foldmultilines=false
 #1: stderr all=off uptime,level,tags foldmultilines=false

Environment Variables:
JAVA_HOME=C:\Program Files\Java\jdk-21_windows-x64_bin
PATH=C:/Program Files/Git/mingw64/libexec/git-core;C:/Program Files/Git/mingw64/libexec/git-core;C:\Program Files\Git\mingw64\bin;C:\Program Files\Git\usr\bin;C:\Users\Flo\bin;C:\windows\system32;C:\windows;C:\windows\System32\Wbem;C:\windows\System32\WindowsPowerShell\v1.0\;C:\windows\System32\OpenSSH\;C:\Program Files\CMake\bin;C:\Program Files (x86)\Windows Kits\10\Windows Performance Toolkit\;C:\Program Files\nodejs\;C:\Program Files\Git\cmd;C:\Users\Flo\AppData\Local\Microsoft\WindowsApps;C:\Users\Flo\AppData\Local\Programs\Microsoft VS Code\bin;C:\Users\Flo\AppData\Local\JetBrains\Toolbox\scripts;C:\Users\Flo\AppData\Roaming\npm
USERNAME=Flo
DISPLAY=:0.0
LC_ALL=en_US.UTF-8
TERM=xterm-256color
TMPDIR=C:\Users\Flo\AppData\Local\Temp
OS=Windows_NT
PROCESSOR_IDENTIFIER=AMD64 Family 23 Model 24 Stepping 1, AuthenticAMD
TMP=C:\Users\Flo\AppData\Local\Temp
TEMP=C:\Users\Flo\AppData\Local\Temp




Periodic native trim disabled

JNI global refs:
JNI global refs: 0, weak refs: 0

JNI global refs memory usage: 0, weak refs: 0

Process memory usage:
Resident Set Size: 10832K (0% of 6232908K total physical memory with 302248K free physical memory)

OOME stack traces (most recent first):
Classloader memory used:

---------------  S Y S T E M  ---------------

OS:
 Windows 10 , 64 bit Build 19041 (10.0.19041.5794)
OS uptime: 8 days 21:42 hours

CPU: total 8 (initial active 8) (8 cores per cpu, 2 threads per core) family 23 model 24 stepping 1 microcode 0x0, cx8, cmov, fxsr, ht, mmx, 3dnowpref, sse, sse2, sse3, ssse3, sse4a, sse4.1, sse4.2, popcnt, lzcnt, tsc, tscinvbit, avx, avx2, aes, clmul, bmi1, bmi2, adx, sha, fma, vzeroupper, clflush, clflushopt, rdtscp, f16c
Processor Information for the first 8 processors :
  Max Mhz: 2100, Current Mhz: 2100, Mhz Limit: 2100

Memory: 4k page, system-wide physical 6086M (295M free)
TotalPageFile size 24518M (AvailPageFile size 57M)
current process WorkingSet (physical memory assigned to process): 10M, peak: 10M
current process commit charge ("private bytes"): 60M, peak: 156M

vm_info: OpenJDK 64-Bit Server VM (21.0.6+8-b631.39) for windows-amd64 JRE (21.0.6+8-b631.39), built on 2025-02-04 by "builduser" with MS VC++ 16.10 / 16.11 (VS2019)

END.
